// Jest Snapshot v1, https://goo.gl/fbAQLP

exports[`BookCard should match with old snapshot 1`] = `
<View
  style={
    Object {
      "flex": 1,
      "flexDirection": "row",
      "height": 200,
      "marginBottom": 10,
    }
  }
>
  <Image
    resizeMode="contain"
    source={
      Object {
        "testUri": "../../../src/Images/defaultBook.jpg",
      }
    }
    style={
      Object {
        "flex": 1,
        "marginTop": 0,
        "maxHeight": 200,
        "paddingTop": 0,
      }
    }
  />
  <View
    style={
      Object {
        "flex": 1,
        "height": 200,
        "justifyContent": "space-between",
        "overflow": "hidden",
        "paddingLeft": 10,
        "paddingRight": 20,
      }
    }
  >
    <View>
      <Text
        adjustsFontSizeToFit={true}
        numberOfLines={2}
        style={
          Object {
            "fontSize": 20,
            "fontWeight": "900",
          }
        }
      >
        APJ
      </Text>
      <View
        style={
          Object {
            "height": 15,
          }
        }
      >
        <View
          style={
            Object {
              "flex": 1,
              "flexDirection": "row",
              "fontWeight": "100",
            }
          }
        >
          <Text
            style={
              Object {
                "fontSize": 10,
                "marginRight": 10,
              }
            }
          >
            J K Rowling
          </Text>
        </View>
      </View>
    </View>
    <Text
      adjustsFontSizeToFit={true}
      numberOfLines={2}
      style={
        Object {
          "fontSize": 15,
          "fontWeight": "700",
          "marginTop": 10,
        }
      }
    >
      
    </Text>
    <View
      style={
        Object {
          "fontSize": 12,
          "marginTop": 10,
        }
      }
    >
      <RCTScrollView>
        <View>
          <Text
            adjustsFontSizeToFit={true}
          >
            was great person
          </Text>
        </View>
      </RCTScrollView>
    </View>
  </View>
</View>
`;
