// Jest Snapshot v1, https://goo.gl/fbAQLP

exports[`BookAuthorBar should match old snapshot 1`] = `
<View
  style={
    Object {
      "flex": 1,
      "flexDirection": "row",
      "fontWeight": "100",
    }
  }
>
  <Text
    style={
      Object {
        "fontSize": 10,
        "marginRight": 10,
      }
    }
  >
    J K Rowling
  </Text>
  <Text
    style={
      Object {
        "fontSize": 10,
        "marginRight": 10,
      }
    }
  >
    Paulo Coelho
  </Text>
</View>
`;
